#! git syntax
####################################################################################

git

# login to github user account
gh auth login


# create remote repository on github.com/profile
gh repo create DATA-TOOLS


# start a file tracking in project directory
git init -b main



====================================================================================


# tracks changes made locally FROM local(origin) TO remote(main)  [-f = force push]
git push [-f] --set-upstream [origin] [main]

# tracks changes made on repo
git pull [-f] --set-upstream [origin] [main]



# commits changes to github.com/profile/repository
git add . && git commit -m "VERSION CONTROL COMMENT" && git push






====================================================================================

# change public email 
git config --global user.email
git config --global user.email 52839097+jshores281@users.noreply.github.com









====================================================================================
###################
# TROUBLESHOOTING #
###################


# if: 
#fatal: 'origin' does not appear to be a git repository


# tell github where remote version of repository exist
git remote add origin

# attempt to push local repo to github 
git push origin main






====================================================================================
# if:


# update local repo (filsys on pc) from remote (github)
git pull -f --set-upstream origin main


# checks remote connections to local repo
git remote -v


# updates local repo from remote repo
git pull https://github.com/jshores281/project-name



====================================================================================
# changed name on local repo folder


git remote add -f main https://github.com/jshores281/PASS-RETR

# add from remote to new local repo
git remote add origin https://github.com/jshores281/PASS-RETR

####################################################################################
####################################################################################
##########
# ERRORS #
##########


1. made changes locally that werent acceptted to push to remote repo

C:\Users\jshor\Port_Proj\1CLI\6git>git pull
remote: Enumerating objects: 10, done.
remote: Counting objects: 100% (10/10), done.
remote: Compressing objects: 100% (4/4), done.
remote: Total 8 (delta 3), reused 8 (delta 3), pack-reused 0
Unpacking objects: 100% (8/8), 1.31 KiB | 35.00 KiB/s, done.
From https://github.com/jshores281/GIT_TRIX
   1d50dbd..1a6228f  main       -> origin/main
error: Your local changes to the following files would be overwritten by merge:
        git-cli.txt
Please commit your changes or stash them before you merge.
Aborting
Updating 1d50dbd..1a6228f






C:\Users\jshor\Port_Proj\1CLI\6git>git add . && git commit -m "local repo update" && git push
[main ae9ee27] local repo update
 1 file changed, 10 insertions(+), 4 deletions(-)
To https://github.com/jshores281/GIT_TRIX.git
 ! [rejected]        main -> main (non-fast-forward)
error: failed to push some refs to 'https://github.com/jshores281/GIT_TRIX.git'
hint: Updates were rejected because the tip of your current branch is behind
hint: its remote counterpart. Integrate the remote changes (e.g.
hint: 'git pull ...') before pushing again.
hint: See the 'Note about fast-forwards' in 'git push --help' for details.





C:\Users\jshor\Port_Proj\1CLI\6git>git add . && git commit -m "local repo update" && git push -f
On branch main
Your branch and 'origin/main' have diverged,
and have 1 and 2 different commits each, respectively.
  (use "git pull" to merge the remote branch into yours)

nothing to commit, working tree clean





C:\Users\jshor\Port_Proj\1CLI\6git>git add . && git commit -m "local repo update" && git push
On branch main
Your branch and 'origin/main' have diverged,
and have 1 and 2 different commits each, respectively.
  (use "git pull" to merge the remote branch into yours)

nothing to commit, working tree clean






C:\Users\jshor\Port_Proj\1CLI\6git>git pull
Auto-merging git-cli.txt
CONFLICT (content): Merge conflict in git-cli.txt
Automatic merge failed; fix conflicts and then commit the result.





C:\Users\jshor\Port_Proj\1CLI\6git>git pull -f
error: Pulling is not possible because you have unmerged files.
hint: Fix them up in the work tree, and then use 'git add/rm <file>'
hint: as appropriate to mark resolution and make a commit.
fatal: Exiting because of an unresolved conflict.



C:\Users\jshor\Port_Proj\1CLI\6git>git remote -v
origin  https://github.com/jshores281/GIT_TRIX.git (fetch)
origin  https://github.com/jshores281/GIT_TRIX.git (push)



C:\Users\jshor\Port_Proj\1CLI\6git>git push
To https://github.com/jshores281/GIT_TRIX.git
 ! [rejected]        main -> main (non-fast-forward)
error: failed to push some refs to 'https://github.com/jshores281/GIT_TRIX.git'
hint: Updates were rejected because the tip of your current branch is behind
hint: its remote counterpart. Integrate the remote changes (e.g.
hint: 'git pull ...') before pushing again.
hint: See the 'Note about fast-forwards' in 'git push --help' for details.



C:\Users\jshor\Port_Proj\1CLI\6git>git push [-f] --set-upstream origin main
error: src refspec origin does not match any
error: failed to push some refs to '[-f]'


******************************************************************************
C:\Users\jshor\Port_Proj\1CLI\6git>git push -f --set-upstream origin main
Enumerating objects: 5, done.
Counting objects: 100% (5/5), done.
Delta compression using up to 4 threads
Compressing objects: 100% (2/2), done.
Writing objects: 100% (3/3), 441 bytes | 441.00 KiB/s, done.
Total 3 (delta 1), reused 0 (delta 0), pack-reused 0
remote: Resolving deltas: 100% (1/1), completed with 1 local object.
To https://github.com/jshores281/GIT_TRIX.git
 + 1a6228f...ae9ee27 main -> main (forced update)
Branch 'main' set up to track remote branch 'main' from 'origin'.

C:\Users\jshor\Port_Proj\1CLI\6git>git push
Everything up-to-date



C:\Users\jshor\Port_Proj\1CLI\6git>git add . && git commit -m "remote repo update" && git push
[main 8996777] remote repo update
Enumerating objects: 15, done.
Counting objects: 100% (15/15), done.
Delta compression using up to 4 threads
Compressing objects: 100% (10/10), done.
Writing objects: 100% (11/11), 1.75 KiB | 896.00 KiB/s, done.
Total 11 (delta 4), reused 0 (delta 0), pack-reused 0
remote: Resolving deltas: 100% (4/4), completed with 1 local object.
To https://github.com/jshores281/GIT_TRIX.git
   ae9ee27..8996777  main -> main
******************************************************************************

C:\Users\jshor\Port_Proj\1CLI\6git>git push --set-upstream
Everything up-to-date
Branch 'main' set up to track remote branch 'main' from 'origin'.

C:\Users\jshor\Port_Proj\1CLI\6git>git remote -v
origin  https://github.com/jshores281/GIT_TRIX.git (fetch)
origin  https://github.com/jshores281/GIT_TRIX.git (push)

























